[2026-06-10T09:33:43.354+0000] {local_task_job_runner.py:120} INFO - ::group::Pre task execution logs
[2026-06-10T09:33:43.390+0000] {taskinstance.py:2076} INFO - Dependencies all met for dep_context=non-requeueable deps ti=<TaskInstance: weather_pipeline.archive_raw_data scheduled__2026-06-08T22:00:00+00:00 [queued]>
[2026-06-10T09:33:43.398+0000] {taskinstance.py:2076} INFO - Dependencies all met for dep_context=requeueable deps ti=<TaskInstance: weather_pipeline.archive_raw_data scheduled__2026-06-08T22:00:00+00:00 [queued]>
[2026-06-10T09:33:43.398+0000] {taskinstance.py:2306} INFO - Starting attempt 1 of 4
[2026-06-10T09:33:43.413+0000] {taskinstance.py:2330} INFO - Executing <Task(PythonOperator): archive_raw_data> on 2026-06-08 22:00:00+00:00
[2026-06-10T09:33:43.421+0000] {standard_task_runner.py:90} INFO - Running: ['***', 'tasks', 'run', 'weather_pipeline', 'archive_raw_data', 'scheduled__2026-06-08T22:00:00+00:00', '--job-id', '3', '--raw', '--subdir', 'DAGS_FOLDER/weather_pipeline.py', '--cfg-path', '/tmp/tmp68p8pyq4']
[2026-06-10T09:33:43.423+0000] {standard_task_runner.py:91} INFO - Job 3: Subtask archive_raw_data
[2026-06-10T09:33:43.423+0000] {logging_mixin.py:188} WARNING - /home/***/.local/lib/python3.12/site-packages/***/task/task_runner/standard_task_runner.py:62 DeprecationWarning: This process (pid=203) is multi-threaded, use of fork() may lead to deadlocks in the child.
[2026-06-10T09:33:43.424+0000] {standard_task_runner.py:64} INFO - Started process 204 to run task
[2026-06-10T09:33:43.500+0000] {task_command.py:426} INFO - Running <TaskInstance: weather_pipeline.archive_raw_data scheduled__2026-06-08T22:00:00+00:00 [running]> on host 715b06e12d42
[2026-06-10T09:33:43.622+0000] {taskinstance.py:2648} INFO - Exporting env vars: AIRFLOW_CTX_DAG_OWNER='lucas' AIRFLOW_CTX_DAG_ID='weather_pipeline' AIRFLOW_CTX_TASK_ID='archive_raw_data' AIRFLOW_CTX_EXECUTION_DATE='2026-06-08T22:00:00+00:00' AIRFLOW_CTX_TRY_NUMBER='1' AIRFLOW_CTX_DAG_RUN_ID='scheduled__2026-06-08T22:00:00+00:00'
[2026-06-10T09:33:43.623+0000] {taskinstance.py:430} INFO - ::endgroup::
[2026-06-10T09:33:43.878+0000] {archiver.py:70} INFO - [ARCHIVER] ☁️  Uploadé : s3://weather-raw/2026-06-08/paris.json (5927 bytes)
[2026-06-10T09:33:43.892+0000] {archiver.py:70} INFO - [ARCHIVER] ☁️  Uploadé : s3://weather-raw/2026-06-08/clermont_ferrand.json (5921 bytes)
[2026-06-10T09:33:43.905+0000] {archiver.py:70} INFO - [ARCHIVER] ☁️  Uploadé : s3://weather-raw/2026-06-08/lyon.json (5917 bytes)
[2026-06-10T09:33:43.905+0000] {archiver.py:75} INFO - [ARCHIVER] 3 fichier(s) archivé(s) dans MinIO
[2026-06-10T09:33:43.928+0000] {weather_pipeline.py:56} INFO - [ARCHIVE] 3 clé(s) S3 : ['2026-06-08/paris.json', '2026-06-08/clermont_ferrand.json', '2026-06-08/lyon.json']
[2026-06-10T09:33:43.929+0000] {python.py:237} INFO - Done. Returned value was: None
[2026-06-10T09:33:43.929+0000] {taskinstance.py:441} INFO - ::group::Post task execution logs
[2026-06-10T09:33:43.942+0000] {taskinstance.py:1206} INFO - Marking task as SUCCESS. dag_id=weather_pipeline, task_id=archive_raw_data, run_id=scheduled__2026-06-08T22:00:00+00:00, execution_date=20260608T220000, start_date=20260610T093343, end_date=20260610T093343
[2026-06-10T09:33:43.999+0000] {local_task_job_runner.py:243} INFO - Task exited with return code 0
[2026-06-10T09:33:44.033+0000] {taskinstance.py:3503} INFO - 1 downstream tasks scheduled from follow-on schedule check
[2026-06-10T09:33:44.038+0000] {local_task_job_runner.py:222} INFO - ::endgroup::
