[2026-06-10T09:33:48.217+0000] {local_task_job_runner.py:120} INFO - ::group::Pre task execution logs
[2026-06-10T09:33:48.258+0000] {taskinstance.py:2076} INFO - Dependencies all met for dep_context=non-requeueable deps ti=<TaskInstance: weather_pipeline.load_to_postgres scheduled__2026-06-08T22:00:00+00:00 [queued]>
[2026-06-10T09:33:48.267+0000] {taskinstance.py:2076} INFO - Dependencies all met for dep_context=requeueable deps ti=<TaskInstance: weather_pipeline.load_to_postgres scheduled__2026-06-08T22:00:00+00:00 [queued]>
[2026-06-10T09:33:48.267+0000] {taskinstance.py:2306} INFO - Starting attempt 1 of 4
[2026-06-10T09:33:48.282+0000] {taskinstance.py:2330} INFO - Executing <Task(PythonOperator): load_to_postgres> on 2026-06-08 22:00:00+00:00
[2026-06-10T09:33:48.289+0000] {standard_task_runner.py:90} INFO - Running: ['***', 'tasks', 'run', 'weather_pipeline', 'load_to_postgres', 'scheduled__2026-06-08T22:00:00+00:00', '--job-id', '7', '--raw', '--subdir', 'DAGS_FOLDER/weather_pipeline.py', '--cfg-path', '/tmp/tmpjovjl9zr']
[2026-06-10T09:33:48.292+0000] {standard_task_runner.py:91} INFO - Job 7: Subtask load_to_postgres
[2026-06-10T09:33:48.292+0000] {logging_mixin.py:188} WARNING - /home/***/.local/lib/python3.12/site-packages/***/task/task_runner/standard_task_runner.py:62 DeprecationWarning: This process (pid=211) is multi-threaded, use of fork() may lead to deadlocks in the child.
[2026-06-10T09:33:48.293+0000] {standard_task_runner.py:64} INFO - Started process 212 to run task
[2026-06-10T09:33:48.364+0000] {task_command.py:426} INFO - Running <TaskInstance: weather_pipeline.load_to_postgres scheduled__2026-06-08T22:00:00+00:00 [running]> on host 715b06e12d42
[2026-06-10T09:33:48.476+0000] {taskinstance.py:2648} INFO - Exporting env vars: AIRFLOW_CTX_DAG_OWNER='lucas' AIRFLOW_CTX_DAG_ID='weather_pipeline' AIRFLOW_CTX_TASK_ID='load_to_postgres' AIRFLOW_CTX_EXECUTION_DATE='2026-06-08T22:00:00+00:00' AIRFLOW_CTX_TRY_NUMBER='1' AIRFLOW_CTX_DAG_RUN_ID='scheduled__2026-06-08T22:00:00+00:00'
[2026-06-10T09:33:48.477+0000] {taskinstance.py:430} INFO - ::endgroup::
[2026-06-10T09:33:48.508+0000] {crypto.py:82} WARNING - empty cryptography key - values will not be stored encrypted.
[2026-06-10T09:33:48.509+0000] {base.py:84} INFO - Using connection ID '***_postgres' for task execution.
[2026-06-10T09:33:48.569+0000] {loader.py:79} INFO - [LOADER] ✅ 144 insérés, 0 mis à jour / ignorés
[2026-06-10T09:33:48.613+0000] {weather_pipeline.py:92} INFO - [LOAD] ✅ 144 insérés, 0 mis à jour
[2026-06-10T09:33:48.614+0000] {python.py:237} INFO - Done. Returned value was: None
[2026-06-10T09:33:48.614+0000] {taskinstance.py:441} INFO - ::group::Post task execution logs
[2026-06-10T09:33:48.627+0000] {taskinstance.py:1206} INFO - Marking task as SUCCESS. dag_id=***_pipeline, task_id=load_to_postgres, run_id=scheduled__2026-06-08T22:00:00+00:00, execution_date=20260608T220000, start_date=20260610T093348, end_date=20260610T093348
[2026-06-10T09:33:48.667+0000] {local_task_job_runner.py:243} INFO - Task exited with return code 0
[2026-06-10T09:33:48.696+0000] {taskinstance.py:3503} INFO - 1 downstream tasks scheduled from follow-on schedule check
[2026-06-10T09:33:48.700+0000] {local_task_job_runner.py:222} INFO - ::endgroup::
