[2026-06-10T09:33:46.036+0000] {local_task_job_runner.py:120} INFO - ::group::Pre task execution logs
[2026-06-10T09:33:46.071+0000] {taskinstance.py:2076} INFO - Dependencies all met for dep_context=non-requeueable deps ti=<TaskInstance: weather_pipeline.check_quality scheduled__2026-06-08T22:00:00+00:00 [queued]>
[2026-06-10T09:33:46.079+0000] {taskinstance.py:2076} INFO - Dependencies all met for dep_context=requeueable deps ti=<TaskInstance: weather_pipeline.check_quality scheduled__2026-06-08T22:00:00+00:00 [queued]>
[2026-06-10T09:33:46.080+0000] {taskinstance.py:2306} INFO - Starting attempt 1 of 4
[2026-06-10T09:33:46.093+0000] {taskinstance.py:2330} INFO - Executing <Task(PythonOperator): check_quality> on 2026-06-08 22:00:00+00:00
[2026-06-10T09:33:46.100+0000] {standard_task_runner.py:90} INFO - Running: ['***', 'tasks', 'run', 'weather_pipeline', 'check_quality', 'scheduled__2026-06-08T22:00:00+00:00', '--job-id', '5', '--raw', '--subdir', 'DAGS_FOLDER/weather_pipeline.py', '--cfg-path', '/tmp/tmp5ui8n72q']
[2026-06-10T09:33:46.103+0000] {standard_task_runner.py:91} INFO - Job 5: Subtask check_quality
[2026-06-10T09:33:46.103+0000] {logging_mixin.py:188} WARNING - /home/***/.local/lib/python3.12/site-packages/***/task/task_runner/standard_task_runner.py:62 DeprecationWarning: This process (pid=207) is multi-threaded, use of fork() may lead to deadlocks in the child.
[2026-06-10T09:33:46.104+0000] {standard_task_runner.py:64} INFO - Started process 208 to run task
[2026-06-10T09:33:46.170+0000] {task_command.py:426} INFO - Running <TaskInstance: weather_pipeline.check_quality scheduled__2026-06-08T22:00:00+00:00 [running]> on host 715b06e12d42
[2026-06-10T09:33:46.283+0000] {taskinstance.py:2648} INFO - Exporting env vars: AIRFLOW_CTX_DAG_OWNER='lucas' AIRFLOW_CTX_DAG_ID='weather_pipeline' AIRFLOW_CTX_TASK_ID='check_quality' AIRFLOW_CTX_EXECUTION_DATE='2026-06-08T22:00:00+00:00' AIRFLOW_CTX_TRY_NUMBER='1' AIRFLOW_CTX_DAG_RUN_ID='scheduled__2026-06-08T22:00:00+00:00'
[2026-06-10T09:33:46.284+0000] {taskinstance.py:430} INFO - ::endgroup::
[2026-06-10T09:33:46.385+0000] {quality.py:59} INFO - [QUALITY] Seuils actifs : {'temp_min': -50.0, 'temp_max': 55.0, 'wind_max': 300.0, 'humidity_min': 0.0, 'humidity_max': 100.0, 'null_rate_max': 0.1}
[2026-06-10T09:33:46.386+0000] {quality.py:111} INFO - [QUALITY] ✅ 144 enregistrements valides (null_rate=0.0%)
[2026-06-10T09:33:46.426+0000] {weather_pipeline.py:76} INFO - [QUALITY] ✅ Valide — {'total_records': 144, 'errors': [], 'warnings': [], 'null_rate': 0.0}
[2026-06-10T09:33:46.427+0000] {python.py:237} INFO - Done. Returned value was: None
[2026-06-10T09:33:46.427+0000] {taskinstance.py:441} INFO - ::group::Post task execution logs
[2026-06-10T09:33:46.440+0000] {taskinstance.py:1206} INFO - Marking task as SUCCESS. dag_id=weather_pipeline, task_id=check_quality, run_id=scheduled__2026-06-08T22:00:00+00:00, execution_date=20260608T220000, start_date=20260610T093346, end_date=20260610T093346
[2026-06-10T09:33:46.478+0000] {local_task_job_runner.py:243} INFO - Task exited with return code 0
[2026-06-10T09:33:46.508+0000] {taskinstance.py:3503} INFO - 1 downstream tasks scheduled from follow-on schedule check
[2026-06-10T09:33:46.512+0000] {local_task_job_runner.py:222} INFO - ::endgroup::
