[2026-06-10T09:33:47.145+0000] {local_task_job_runner.py:120} INFO - ::group::Pre task execution logs
[2026-06-10T09:33:47.183+0000] {taskinstance.py:2076} INFO - Dependencies all met for dep_context=non-requeueable deps ti=<TaskInstance: weather_pipeline.quality_branch scheduled__2026-06-08T22:00:00+00:00 [queued]>
[2026-06-10T09:33:47.190+0000] {taskinstance.py:2076} INFO - Dependencies all met for dep_context=requeueable deps ti=<TaskInstance: weather_pipeline.quality_branch scheduled__2026-06-08T22:00:00+00:00 [queued]>
[2026-06-10T09:33:47.191+0000] {taskinstance.py:2306} INFO - Starting attempt 1 of 4
[2026-06-10T09:33:47.206+0000] {taskinstance.py:2330} INFO - Executing <Task(BranchPythonOperator): quality_branch> on 2026-06-08 22:00:00+00:00
[2026-06-10T09:33:47.217+0000] {logging_mixin.py:188} WARNING - /home/***/.local/lib/python3.12/site-packages/***/task/task_runner/standard_task_runner.py:62 DeprecationWarning: This process (pid=209) is multi-threaded, use of fork() may lead to deadlocks in the child.
[2026-06-10T09:33:47.215+0000] {standard_task_runner.py:90} INFO - Running: ['***', 'tasks', 'run', 'weather_pipeline', 'quality_branch', 'scheduled__2026-06-08T22:00:00+00:00', '--job-id', '6', '--raw', '--subdir', 'DAGS_FOLDER/weather_pipeline.py', '--cfg-path', '/tmp/tmpnnup1dx7']
[2026-06-10T09:33:47.218+0000] {standard_task_runner.py:64} INFO - Started process 210 to run task
[2026-06-10T09:33:47.218+0000] {standard_task_runner.py:91} INFO - Job 6: Subtask quality_branch
[2026-06-10T09:33:47.291+0000] {task_command.py:426} INFO - Running <TaskInstance: weather_pipeline.quality_branch scheduled__2026-06-08T22:00:00+00:00 [running]> on host 715b06e12d42
[2026-06-10T09:33:47.397+0000] {taskinstance.py:2648} INFO - Exporting env vars: AIRFLOW_CTX_DAG_OWNER='lucas' AIRFLOW_CTX_DAG_ID='weather_pipeline' AIRFLOW_CTX_TASK_ID='quality_branch' AIRFLOW_CTX_EXECUTION_DATE='2026-06-08T22:00:00+00:00' AIRFLOW_CTX_TRY_NUMBER='1' AIRFLOW_CTX_DAG_RUN_ID='scheduled__2026-06-08T22:00:00+00:00'
[2026-06-10T09:33:47.398+0000] {taskinstance.py:430} INFO - ::endgroup::
[2026-06-10T09:33:47.408+0000] {baseoperator.py:400} WARNING - BranchPythonOperator.execute cannot be called outside TaskInstance!
[2026-06-10T09:33:47.427+0000] {weather_pipeline.py:83} INFO - [BRANCH] → load_to_postgres
[2026-06-10T09:33:47.427+0000] {python.py:237} INFO - Done. Returned value was: load_to_postgres
[2026-06-10T09:33:47.427+0000] {branch.py:36} INFO - Branch into load_to_postgres
[2026-06-10T09:33:47.428+0000] {skipmixin.py:178} INFO - Following branch load_to_postgres
[2026-06-10T09:33:47.459+0000] {skipmixin.py:246} INFO - Skipping tasks [('skip_load', -1)]
[2026-06-10T09:33:47.497+0000] {taskinstance.py:441} INFO - ::group::Post task execution logs
[2026-06-10T09:33:47.529+0000] {taskinstance.py:1206} INFO - Marking task as SUCCESS. dag_id=weather_pipeline, task_id=quality_branch, run_id=scheduled__2026-06-08T22:00:00+00:00, execution_date=20260608T220000, start_date=20260610T093347, end_date=20260610T093347
[2026-06-10T09:33:47.552+0000] {local_task_job_runner.py:243} INFO - Task exited with return code 0
[2026-06-10T09:33:47.589+0000] {taskinstance.py:3503} INFO - 1 downstream tasks scheduled from follow-on schedule check
[2026-06-10T09:33:47.595+0000] {local_task_job_runner.py:222} INFO - ::endgroup::
