[2026-06-10T09:33:41.179+0000] {local_task_job_runner.py:120} INFO - ::group::Pre task execution logs
[2026-06-10T09:33:41.225+0000] {taskinstance.py:2076} INFO - Dependencies all met for dep_context=non-requeueable deps ti=<TaskInstance: weather_pipeline.fetch_weather scheduled__2026-06-08T22:00:00+00:00 [queued]>
[2026-06-10T09:33:41.234+0000] {taskinstance.py:2076} INFO - Dependencies all met for dep_context=requeueable deps ti=<TaskInstance: weather_pipeline.fetch_weather scheduled__2026-06-08T22:00:00+00:00 [queued]>
[2026-06-10T09:33:41.240+0000] {taskinstance.py:2306} INFO - Starting attempt 1 of 4
[2026-06-10T09:33:41.255+0000] {taskinstance.py:2330} INFO - Executing <Task(PythonOperator): fetch_weather> on 2026-06-08 22:00:00+00:00
[2026-06-10T09:33:41.266+0000] {logging_mixin.py:188} WARNING - /home/***/.local/lib/python3.12/site-packages/***/task/task_runner/standard_task_runner.py:62 DeprecationWarning: This process (pid=201) is multi-threaded, use of fork() may lead to deadlocks in the child.
[2026-06-10T09:33:41.264+0000] {standard_task_runner.py:90} INFO - Running: ['***', 'tasks', 'run', 'weather_pipeline', 'fetch_weather', 'scheduled__2026-06-08T22:00:00+00:00', '--job-id', '2', '--raw', '--subdir', 'DAGS_FOLDER/weather_pipeline.py', '--cfg-path', '/tmp/tmpd66ebsrg']
[2026-06-10T09:33:41.267+0000] {standard_task_runner.py:64} INFO - Started process 202 to run task
[2026-06-10T09:33:41.267+0000] {standard_task_runner.py:91} INFO - Job 2: Subtask fetch_weather
[2026-06-10T09:33:41.343+0000] {task_command.py:426} INFO - Running <TaskInstance: weather_pipeline.fetch_weather scheduled__2026-06-08T22:00:00+00:00 [running]> on host 715b06e12d42
[2026-06-10T09:33:41.868+0000] {taskinstance.py:2648} INFO - Exporting env vars: AIRFLOW_CTX_DAG_OWNER='lucas' AIRFLOW_CTX_DAG_ID='weather_pipeline' AIRFLOW_CTX_TASK_ID='fetch_weather' AIRFLOW_CTX_EXECUTION_DATE='2026-06-08T22:00:00+00:00' AIRFLOW_CTX_TRY_NUMBER='1' AIRFLOW_CTX_DAG_RUN_ID='scheduled__2026-06-08T22:00:00+00:00'
[2026-06-10T09:33:41.869+0000] {taskinstance.py:430} INFO - ::endgroup::
[2026-06-10T09:33:41.903+0000] {weather_pipeline.py:44} INFO - [FETCH] 3 ville(s) : ['Paris', 'Clermont-Ferrand', 'Lyon']
[2026-06-10T09:33:41.954+0000] {extractor.py:48} INFO - [EXTRACTOR] API=https://api.open-meteo.com/v1/forecast | past_days=1 | forecast_days=1 | timeout=15s
[2026-06-10T09:33:41.955+0000] {extractor.py:49} INFO - [EXTRACTOR] Champs demandés : ['temperature_2m', 'precipitation', 'windspeed_10m', 'relativehumidity_2m', 'apparent_temperature', 'weathercode']
[2026-06-10T09:33:41.955+0000] {extractor.py:67} INFO - [EXTRACTOR] Requête pour Paris (48.8566, 2.3522)
[2026-06-10T09:33:42.174+0000] {extractor.py:80} INFO - [EXTRACTOR] ✅ Paris — 48 heures reçues
[2026-06-10T09:33:42.175+0000] {extractor.py:67} INFO - [EXTRACTOR] Requête pour Clermont-Ferrand (45.7772, 3.087)
[2026-06-10T09:33:42.340+0000] {extractor.py:80} INFO - [EXTRACTOR] ✅ Clermont-Ferrand — 48 heures reçues
[2026-06-10T09:33:42.340+0000] {extractor.py:67} INFO - [EXTRACTOR] Requête pour Lyon (45.764, 4.8357)
[2026-06-10T09:33:42.506+0000] {extractor.py:80} INFO - [EXTRACTOR] ✅ Lyon — 48 heures reçues
[2026-06-10T09:33:42.532+0000] {weather_pipeline.py:47} INFO - [FETCH] 3 ville(s) extraite(s)
[2026-06-10T09:33:42.533+0000] {python.py:237} INFO - Done. Returned value was: None
[2026-06-10T09:33:42.533+0000] {taskinstance.py:441} INFO - ::group::Post task execution logs
[2026-06-10T09:33:42.547+0000] {taskinstance.py:1206} INFO - Marking task as SUCCESS. dag_id=weather_pipeline, task_id=fetch_weather, run_id=scheduled__2026-06-08T22:00:00+00:00, execution_date=20260608T220000, start_date=20260610T093341, end_date=20260610T093342
[2026-06-10T09:33:42.605+0000] {local_task_job_runner.py:243} INFO - Task exited with return code 0
[2026-06-10T09:33:42.639+0000] {taskinstance.py:3503} INFO - 1 downstream tasks scheduled from follow-on schedule check
[2026-06-10T09:33:42.645+0000] {local_task_job_runner.py:222} INFO - ::endgroup::
