[2026-06-10T09:33:49.298+0000] {local_task_job_runner.py:120} INFO - ::group::Pre task execution logs
[2026-06-10T09:33:49.337+0000] {taskinstance.py:2076} INFO - Dependencies all met for dep_context=non-requeueable deps ti=<TaskInstance: weather_pipeline.log_ingestion scheduled__2026-06-08T22:00:00+00:00 [queued]>
[2026-06-10T09:33:49.346+0000] {taskinstance.py:2076} INFO - Dependencies all met for dep_context=requeueable deps ti=<TaskInstance: weather_pipeline.log_ingestion scheduled__2026-06-08T22:00:00+00:00 [queued]>
[2026-06-10T09:33:49.346+0000] {taskinstance.py:2306} INFO - Starting attempt 1 of 4
[2026-06-10T09:33:49.362+0000] {taskinstance.py:2330} INFO - Executing <Task(PythonOperator): log_ingestion> on 2026-06-08 22:00:00+00:00
[2026-06-10T09:33:49.369+0000] {standard_task_runner.py:90} INFO - Running: ['***', 'tasks', 'run', 'weather_pipeline', 'log_ingestion', 'scheduled__2026-06-08T22:00:00+00:00', '--job-id', '8', '--raw', '--subdir', 'DAGS_FOLDER/weather_pipeline.py', '--cfg-path', '/tmp/tmpdbzoi_wf']
[2026-06-10T09:33:49.372+0000] {standard_task_runner.py:91} INFO - Job 8: Subtask log_ingestion
[2026-06-10T09:33:49.372+0000] {logging_mixin.py:188} WARNING - /home/***/.local/lib/python3.12/site-packages/***/task/task_runner/standard_task_runner.py:62 DeprecationWarning: This process (pid=213) is multi-threaded, use of fork() may lead to deadlocks in the child.
[2026-06-10T09:33:49.372+0000] {standard_task_runner.py:64} INFO - Started process 214 to run task
[2026-06-10T09:33:49.444+0000] {task_command.py:426} INFO - Running <TaskInstance: weather_pipeline.log_ingestion scheduled__2026-06-08T22:00:00+00:00 [running]> on host 715b06e12d42
[2026-06-10T09:33:49.553+0000] {taskinstance.py:2648} INFO - Exporting env vars: AIRFLOW_CTX_DAG_OWNER='lucas' AIRFLOW_CTX_DAG_ID='weather_pipeline' AIRFLOW_CTX_TASK_ID='log_ingestion' AIRFLOW_CTX_EXECUTION_DATE='2026-06-08T22:00:00+00:00' AIRFLOW_CTX_TRY_NUMBER='1' AIRFLOW_CTX_DAG_RUN_ID='scheduled__2026-06-08T22:00:00+00:00'
[2026-06-10T09:33:49.554+0000] {taskinstance.py:430} INFO - ::endgroup::
[2026-06-10T09:33:49.615+0000] {crypto.py:82} WARNING - empty cryptography key - values will not be stored encrypted.
[2026-06-10T09:33:49.616+0000] {base.py:84} INFO - Using connection ID '***_postgres' for task execution.
[2026-06-10T09:33:49.628+0000] {loader.py:119} INFO - [LOADER] 📋 Ingestion loguée (status=success)
[2026-06-10T09:33:49.629+0000] {python.py:237} INFO - Done. Returned value was: None
[2026-06-10T09:33:49.629+0000] {taskinstance.py:441} INFO - ::group::Post task execution logs
[2026-06-10T09:33:49.642+0000] {taskinstance.py:1206} INFO - Marking task as SUCCESS. dag_id=***_pipeline, task_id=log_ingestion, run_id=scheduled__2026-06-08T22:00:00+00:00, execution_date=20260608T220000, start_date=20260610T093349, end_date=20260610T093349
[2026-06-10T09:33:49.667+0000] {local_task_job_runner.py:243} INFO - Task exited with return code 0
[2026-06-10T09:33:49.681+0000] {local_task_job_runner.py:222} INFO - ::endgroup::
