[2026-06-10T09:33:44.419+0000] {local_task_job_runner.py:120} INFO - ::group::Pre task execution logs
[2026-06-10T09:33:44.463+0000] {taskinstance.py:2076} INFO - Dependencies all met for dep_context=non-requeueable deps ti=<TaskInstance: weather_pipeline.transform_data scheduled__2026-06-08T22:00:00+00:00 [queued]>
[2026-06-10T09:33:44.472+0000] {taskinstance.py:2076} INFO - Dependencies all met for dep_context=requeueable deps ti=<TaskInstance: weather_pipeline.transform_data scheduled__2026-06-08T22:00:00+00:00 [queued]>
[2026-06-10T09:33:44.474+0000] {taskinstance.py:2306} INFO - Starting attempt 1 of 4
[2026-06-10T09:33:44.495+0000] {taskinstance.py:2330} INFO - Executing <Task(PythonOperator): transform_data> on 2026-06-08 22:00:00+00:00
[2026-06-10T09:33:44.504+0000] {standard_task_runner.py:90} INFO - Running: ['***', 'tasks', 'run', 'weather_pipeline', 'transform_data', 'scheduled__2026-06-08T22:00:00+00:00', '--job-id', '4', '--raw', '--subdir', 'DAGS_FOLDER/weather_pipeline.py', '--cfg-path', '/tmp/tmppvw5bg9t']
[2026-06-10T09:33:44.505+0000] {logging_mixin.py:188} WARNING - /home/***/.local/lib/python3.12/site-packages/***/task/task_runner/standard_task_runner.py:62 DeprecationWarning: This process (pid=205) is multi-threaded, use of fork() may lead to deadlocks in the child.
[2026-06-10T09:33:44.506+0000] {standard_task_runner.py:91} INFO - Job 4: Subtask transform_data
[2026-06-10T09:33:44.506+0000] {standard_task_runner.py:64} INFO - Started process 206 to run task
[2026-06-10T09:33:44.587+0000] {task_command.py:426} INFO - Running <TaskInstance: weather_pipeline.transform_data scheduled__2026-06-08T22:00:00+00:00 [running]> on host 715b06e12d42
[2026-06-10T09:33:44.717+0000] {taskinstance.py:2648} INFO - Exporting env vars: AIRFLOW_CTX_DAG_OWNER='lucas' AIRFLOW_CTX_DAG_ID='weather_pipeline' AIRFLOW_CTX_TASK_ID='transform_data' AIRFLOW_CTX_EXECUTION_DATE='2026-06-08T22:00:00+00:00' AIRFLOW_CTX_TRY_NUMBER='1' AIRFLOW_CTX_DAG_RUN_ID='scheduled__2026-06-08T22:00:00+00:00'
[2026-06-10T09:33:44.719+0000] {taskinstance.py:430} INFO - ::endgroup::
[2026-06-10T09:33:44.748+0000] {weather_pipeline.py:62} INFO - [TRANSFORM] Lecture depuis MinIO : ['2026-06-08/paris.json', '2026-06-08/clermont_ferrand.json', '2026-06-08/lyon.json']
[2026-06-10T09:33:44.749+0000] {transformer.py:54} INFO - [TRANSFORMER] Lecture de 3 fichier(s) depuis MinIO
[2026-06-10T09:33:44.909+0000] {archiver.py:98} INFO - [ARCHIVER] 📥 Téléchargé : s3://weather-raw/2026-06-08/paris.json
[2026-06-10T09:33:44.913+0000] {archiver.py:98} INFO - [ARCHIVER] 📥 Téléchargé : s3://weather-raw/2026-06-08/clermont_ferrand.json
[2026-06-10T09:33:44.916+0000] {archiver.py:98} INFO - [ARCHIVER] 📥 Téléchargé : s3://weather-raw/2026-06-08/lyon.json
[2026-06-10T09:33:44.916+0000] {transformer.py:74} INFO - [TRANSFORMER] Paris — 48 entrées horaires
[2026-06-10T09:33:44.917+0000] {transformer.py:74} INFO - [TRANSFORMER] Clermont-Ferrand — 48 entrées horaires
[2026-06-10T09:33:44.917+0000] {transformer.py:74} INFO - [TRANSFORMER] Lyon — 48 entrées horaires
[2026-06-10T09:33:44.918+0000] {transformer.py:104} INFO - [TRANSFORMER] ✅ 144 enregistrements produits
[2026-06-10T09:33:44.942+0000] {weather_pipeline.py:66} INFO - [TRANSFORM] 144 enregistrements
[2026-06-10T09:33:44.943+0000] {python.py:237} INFO - Done. Returned value was: None
[2026-06-10T09:33:44.943+0000] {taskinstance.py:441} INFO - ::group::Post task execution logs
[2026-06-10T09:33:44.957+0000] {taskinstance.py:1206} INFO - Marking task as SUCCESS. dag_id=weather_pipeline, task_id=transform_data, run_id=scheduled__2026-06-08T22:00:00+00:00, execution_date=20260608T220000, start_date=20260610T093344, end_date=20260610T093344
[2026-06-10T09:33:45.001+0000] {local_task_job_runner.py:243} INFO - Task exited with return code 0
[2026-06-10T09:33:45.033+0000] {taskinstance.py:3503} INFO - 1 downstream tasks scheduled from follow-on schedule check
[2026-06-10T09:33:45.036+0000] {local_task_job_runner.py:222} INFO - ::endgroup::
